// Jest Snapshot v1, https://goo.gl/fbAQLP

exports[`RenderPage renders the page unchanged 1`] = `
<div>
  <div
    class="container"
  >
    <div>
      <h2>
        About
      </h2>
      <p>
        easy-notion-blogのこと、プログラミングのことを書いています。
      </p>
      <h2>
        Profile
      </h2>
      <p>
        プログラミング勉強中の機械系エンジニアです。
      </p>
      <p>
        詳しいプロフィールはTwitter(
        <a
          href="https://twitter.com/ChabesuB"
          rel="noopener"
          target="_blank"
        >
          @ChabesuB
        </a>
        )に載せています。
      </p>
      <h2>
        Link
      </h2>
      <ul>
        <li>
          <a
            href="https://zatsugaku-engineer.com/"
            rel="noopener"
            target="_blank"
          >
            雑学エンジニアブログ
          </a>
        </li>
        <li>
          <a
            href="https://note.com/chabesu_blog"
            rel="noopener"
            target="_blank"
          >
            note
          </a>
        </li>
      </ul>
    </div>
  </div>
</div>
`;
